---
source: crates/converters/json/src/lib.rs
expression: deserialized_breadboard
---
{
  "places": [
    {
      "name": "Registration",
      "affordances": [
        {
          "name": "Username",
          "connections": []
        },
        {
          "name": "Password",
          "connections": []
        },
        {
          "name": "Sign Up",
          "connections": [
            {
              "target_place": "Home",
              "description": "success"
            },
            {
              "target_place": "Support",
              "description": "failure"
            }
          ]
        }
      ],
      "component_references": [
        "Header"
      ],
      "position": {
        "x": -10,
        "y": {
          "place": "Support",
          "offset": 20,
          "pivot": "Left"
        }
      },
      "sketch": {
        "path": "sketches/registration.png",
        "areas": [
          {
            "top_left": [
              50,
              20
            ],
            "width": 110,
            "height": 40,
            "affordance": "Sign Up"
          }
        ]
      }
    },
    {
      "name": "Support",
      "affordances": [
        {
          "name": "Error Message",
          "connections": []
        },
        {
          "name": "Try Again",
          "connections": [
            {
              "target_place": "Registration",
              "description": null
            }
          ]
        }
      ],
      "component_references": [
        "Header"
      ],
      "position": null,
      "sketch": {
        "path": "sketches/support.png",
        "areas": [
          {
            "top_left": [
              50,
              20
            ],
            "width": 110,
            "height": 40,
            "affordance": "Try Again"
          }
        ]
      }
    },
    {
      "name": "Home",
      "affordances": [
        {
          "name": "Dashboard",
          "connections": []
        }
      ],
      "component_references": [
        "Header"
      ],
      "position": null,
      "sketch": {
        "path": "sketches/home.png",
        "areas": []
      }
    }
  ],
  "components": [
    {
      "name": "Header",
      "affordances": [
        {
          "name": "Logo",
          "connections": []
        },
        {
          "name": "Contact",
          "connections": []
        }
      ]
    }
  ]
}
