---
source: crates/parser/src/lib.rs
expression: parse(case)
---
Ok(
    Breadboard {
        places: [
            Place {
                name: "AffordanceComment",
                description: [],
                affordances: [
                    Affordance {
                        name: "Not Here",
                        description: [],
                        connections: [],
                        level: 0,
                    },
                    Affordance {
                        name: "But Here",
                        description: [
                            "An affordance comment.",
                        ],
                        connections: [],
                        level: 0,
                    },
                    Affordance {
                        name: "And No Longer Here",
                        description: [],
                        connections: [],
                        level: 0,
                    },
                ],
                component_references: [],
                position: None,
                sketch: None,
            },
        ],
        components: [],
    },
)
