---
source: crates/parser/src/lib.rs
expression: parse(case)
---
Ok(
    Breadboard {
        places: [
            Place {
                name: "WhiteSpace",
                description: [
                    "Starting whitespace is",
                    "optional.",
                    "  and more than one whitespace",
                    " is preserved.",
                    "  As is trailing whitespace  ",
                ],
                affordances: [
                    Affordance {
                        name: "Affordance",
                        description: [
                            " > Here as well < ",
                        ],
                        connections: [],
                        level: 0,
                    },
                ],
                component_references: [],
                position: None,
                sketch: None,
            },
        ],
        components: [],
    },
)
