---
source: crates/parser/src/lib.rs
expression: parse(case)
---
Ok(
    Breadboard {
        places: [
            Place {
                name: "invoice",
                description: [],
                affordances: [
                    Affordance {
                        name: "Turn on autopay",
                        description: [],
                        connections: [
                            Connection {
                                target_place: "Set up autopay",
                                description: None,
                            },
                            Connection {
                                target_place: "Foo bar",
                                description: None,
                            },
                            Connection {
                                target_place: "test 2",
                                description: Some(
                                    "test",
                                ),
                            },
                        ],
                        level: 0,
                    },
                ],
                component_references: [],
                position: None,
                sketch: None,
            },
            Place {
                name: "two",
                description: [],
                affordances: [],
                component_references: [],
                position: None,
                sketch: None,
            },
            Place {
                name: "three and more!",
                description: [],
                affordances: [
                    Affordance {
                        name: "free -> form!",
                        description: [],
                        connections: [
                            Connection {
                                target_place: "Not",
                                description: None,
                            },
                            Connection {
                                target_place: "(test)",
                                description: None,
                            },
                        ],
                        level: 0,
                    },
                    Affordance {
                        name: "another one!",
                        description: [],
                        connections: [],
                        level: 0,
                    },
                ],
                component_references: [],
                position: None,
                sketch: Some(
                    Sketch {
                        path: "foo/bar.png",
                        areas: [
                            Area {
                                top_left: (
                                    0,
                                    0,
                                ),
                                width: 10,
                                height: 10,
                                affordance: "free -> form!",
                            },
                            Area {
                                top_left: (
                                    20,
                                    20,
                                ),
                                width: 10,
                                height: 10,
                                affordance: "another one!",
                            },
                        ],
                    },
                ),
            },
            Place {
                name: "four!",
                description: [],
                affordances: [],
                component_references: [],
                position: None,
                sketch: None,
            },
        ],
        components: [],
    },
)
