---
source: crates/parser/src/lib.rs
expression: parse(case)
---
Ok(
    Breadboard {
        places: [
            Place {
                name: "Registration",
                affordances: [
                    Affordance {
                        name: "Username",
                        connections: [],
                    },
                    Affordance {
                        name: "Password",
                        connections: [],
                    },
                    Affordance {
                        name: "Sign Up",
                        connections: [
                            Connection {
                                target_place: "Home",
                                description: Some(
                                    "success",
                                ),
                            },
                            Connection {
                                target_place: "Support",
                                description: Some(
                                    "failure",
                                ),
                            },
                        ],
                    },
                ],
                component_references: [
                    "Header",
                ],
                sketch: Some(
                    Sketch {
                        path: "sketches/registration.png",
                        connections: [
                            (
                                Area {
                                    top_left: (
                                        50,
                                        20,
                                    ),
                                    width: 20,
                                    height: 60,
                                },
                                [
                                    Connection {
                                        target_place: "Home",
                                        description: Some(
                                            "success",
                                        ),
                                    },
                                ],
                            ),
                            (
                                Area {
                                    top_left: (
                                        50,
                                        20,
                                    ),
                                    width: 20,
                                    height: 60,
                                },
                                [
                                    Connection {
                                        target_place: "Support",
                                        description: Some(
                                            "failure",
                                        ),
                                    },
                                ],
                            ),
                        ],
                    },
                ),
            },
            Place {
                name: "Support",
                affordances: [
                    Affordance {
                        name: "Error Message",
                        connections: [],
                    },
                    Affordance {
                        name: "Try Again",
                        connections: [
                            Connection {
                                target_place: "Registration",
                                description: None,
                            },
                        ],
                    },
                ],
                component_references: [
                    "Header",
                ],
                sketch: Some(
                    Sketch {
                        path: "sketches/registration.png",
                        connections: [
                            (
                                Area {
                                    top_left: (
                                        50,
                                        20,
                                    ),
                                    width: 20,
                                    height: 60,
                                },
                                [
                                    Connection {
                                        target_place: "Registration",
                                        description: None,
                                    },
                                ],
                            ),
                        ],
                    },
                ),
            },
            Place {
                name: "Home",
                affordances: [
                    Affordance {
                        name: "Dashboard",
                        connections: [],
                    },
                ],
                component_references: [
                    "Header",
                ],
                sketch: Some(
                    Sketch {
                        path: "sketches/home.png",
                        connections: [],
                    },
                ),
            },
        ],
        components: [
            Component {
                name: "Header",
                affordances: [
                    Affordance {
                        name: "Logo",
                        connections: [],
                    },
                    Affordance {
                        name: "Contact",
                        connections: [],
                    },
                ],
            },
        ],
    },
)
