---
source: crates/parser/src/lib.rs
expression: parse(case)
---
Ok(
    Breadboard {
        places: [
            Place {
                name: "OneLevel",
                description: [],
                items: [
                    Affordance(
                        Affordance {
                            name: "One Level",
                            description: [],
                            connections: [],
                            level: 1,
                        },
                    ),
                ],
                position: None,
                sketch: None,
            },
        ],
        components: [],
    },
)
