---
source: crates/parser/src/lib.rs
expression: parse(case)
---
Ok(
    Breadboard {
        places: [
            Place {
                name: "MultiplePlaces",
                description: [
                    "Comments for multiple places.",
                ],
                items: [
                    Affordance(
                        Affordance {
                            name: "Affordance",
                            description: [
                                "And affordances.",
                            ],
                            connections: [],
                            level: 0,
                        },
                    ),
                ],
                position: None,
                sketch: None,
            },
            Place {
                name: "Works",
                description: [
                    "Also works!",
                ],
                items: [
                    Affordance(
                        Affordance {
                            name: "Affordance",
                            description: [
                                "And affordances.",
                            ],
                            connections: [],
                            level: 0,
                        },
                    ),
                ],
                position: None,
                sketch: None,
            },
        ],
        components: [],
    },
)
