---
source: crates/parser/src/lib.rs
expression: parse(case)
---
Ok(
    Breadboard {
        places: [
            Place {
                name: "Registration",
                affordances: [
                    Affordance {
                        name: "Username",
                        connections: [],
                    },
                    Affordance {
                        name: "Password",
                        connections: [],
                    },
                    Affordance {
                        name: "Sign Up",
                        connections: [
                            Connection {
                                target_place: "Home",
                                description: Some(
                                    "success",
                                ),
                            },
                            Connection {
                                target_place: "Support",
                                description: Some(
                                    "failure",
                                ),
                            },
                        ],
                    },
                ],
                component_references: [
                    "Header",
                ],
                position: None,
                sketch: Some(
                    Sketch {
                        path: "sketches/registration.png",
                        areas: [
                            Area {
                                top_left: (
                                    50,
                                    20,
                                ),
                                width: 20,
                                height: 60,
                                affordance: "Sign Up",
                            },
                        ],
                    },
                ),
            },
            Place {
                name: "Support",
                affordances: [
                    Affordance {
                        name: "Error Message",
                        connections: [],
                    },
                    Affordance {
                        name: "Try Again",
                        connections: [
                            Connection {
                                target_place: "Registration",
                                description: None,
                            },
                        ],
                    },
                ],
                component_references: [
                    "Header",
                ],
                position: Some(
                    Position {
                        x: Relative {
                            place: "Registration",
                            offset: 0,
                            pivot: Right,
                        },
                        y: Relative {
                            place: "Registration",
                            offset: 0,
                            pivot: Center,
                        },
                    },
                ),
                sketch: Some(
                    Sketch {
                        path: "sketches/registration.png",
                        areas: [
                            Area {
                                top_left: (
                                    50,
                                    20,
                                ),
                                width: 20,
                                height: 60,
                                affordance: "Try Again",
                            },
                        ],
                    },
                ),
            },
            Place {
                name: "Home",
                affordances: [
                    Affordance {
                        name: "Dashboard",
                        connections: [],
                    },
                ],
                component_references: [
                    "Header",
                ],
                position: Some(
                    Position {
                        x: Absolute(
                            0,
                        ),
                        y: Relative {
                            place: "Registration",
                            offset: -12,
                            pivot: Top,
                        },
                    },
                ),
                sketch: Some(
                    Sketch {
                        path: "sketches/home.png",
                        areas: [],
                    },
                ),
            },
        ],
        components: [
            Component(
                Place {
                    name: "Header",
                    affordances: [
                        Affordance {
                            name: "Logo",
                            connections: [],
                        },
                        Affordance {
                            name: "Contact",
                            connections: [],
                        },
                    ],
                    component_references: [],
                    position: None,
                    sketch: None,
                },
            ),
        ],
    },
)
