---
source: crates/parser/src/lib.rs
expression: parse(case)
---
Ok(
    Breadboard {
        places: [
            Place {
                name: "NestedLevels",
                description: [],
                items: [
                    Affordance(
                        Affordance {
                            name: "One Level",
                            description: [],
                            connections: [],
                            level: 1,
                        },
                    ),
                    Affordance(
                        Affordance {
                            name: "Two Level",
                            description: [],
                            connections: [],
                            level: 2,
                        },
                    ),
                    Affordance(
                        Affordance {
                            name: "Three Level",
                            description: [],
                            connections: [],
                            level: 2,
                        },
                    ),
                    Affordance(
                        Affordance {
                            name: "Four Level",
                            description: [],
                            connections: [],
                            level: 3,
                        },
                    ),
                ],
                position: None,
                sketch: None,
            },
        ],
        components: [],
    },
)
