---
source: crates/parser/src/lib.rs
expression: parse(case)
---
Ok(
    Breadboard {
        places: [
            Place {
                name: "MultipleComments",
                description: [
                    "Both a place comment,",
                ],
                items: [
                    Affordance(
                        Affordance {
                            name: "One",
                            description: [
                                "and",
                            ],
                            connections: [],
                            level: 0,
                        },
                    ),
                    Affordance(
                        Affordance {
                            name: "Two",
                            description: [
                                "affordance",
                            ],
                            connections: [],
                            level: 2,
                        },
                    ),
                    Affordance(
                        Affordance {
                            name: "Three",
                            description: [
                                "comments!",
                            ],
                            connections: [],
                            level: 3,
                        },
                    ),
                ],
                position: None,
                sketch: None,
            },
        ],
        components: [],
    },
)
