---
source: crates/parser/src/lib.rs
expression: parse(case)
---
Ok(
    Breadboard {
        places: [],
        components: [
            Component(
                Place {
                    name: "MultiLineComment",
                    description: [
                        "Multi-level",
                        "comments are supported.",
                    ],
                    items: [
                        Affordance(
                            Affordance {
                                name: "Affordance",
                                description: [
                                    "For components,",
                                    "and affordances.",
                                ],
                                connections: [],
                                level: 0,
                            },
                        ),
                    ],
                    position: None,
                    sketch: None,
                },
            ),
        ],
    },
)
